Archive member included because of file (symbol)

c:/program files (x86)/emblocks/2.30/share/em_armgcc/bin/../lib/gcc/arm-none-eabi/4.7.3/../../../../arm-none-eabi/lib/armv7e-m/softfp\libstdc++_n.a(del_op.o)
                              mbed/TARGET_NUCLEO_F401RE/TOOLCHAIN_GCC_ARM/retarget.o (operator delete(void*))
c:/program files (x86)/emblocks/2.30/share/em_armgcc/bin/../lib/gcc/arm-none-eabi/4.7.3/../../../../arm-none-eabi/lib/armv7e-m/softfp\libm.a(lib_a-s_floor.o)
                              .objs\pca9685\pca9685\adafruit_pwmservodriver.o (floor)
c:/program files (x86)/emblocks/2.30/share/em_armgcc/bin/../lib/gcc/arm-none-eabi/4.7.3/../../../../arm-none-eabi/lib/armv7e-m/softfp\libc_n.a(lib_a-errno.o)
                              mbed/TARGET_NUCLEO_F401RE/TOOLCHAIN_GCC_ARM/retarget.o (__errno)
c:/program files (x86)/emblocks/2.30/share/em_armgcc/bin/../lib/gcc/arm-none-eabi/4.7.3/../../../../arm-none-eabi/lib/armv7e-m/softfp\libc_n.a(lib_a-exit.o)
                              c:/program files (x86)/emblocks/2.30/share/em_armgcc/bin/../lib/gcc/arm-none-eabi/4.7.3/../../../../arm-none-eabi/lib/armv7e-m/softfp/crt0.o (exit)
c:/program files (x86)/emblocks/2.30/share/em_armgcc/bin/../lib/gcc/arm-none-eabi/4.7.3/../../../../arm-none-eabi/lib/armv7e-m/softfp\libc_n.a(lib_a-fgetc.o)
                              mbed/TARGET_NUCLEO_F401RE/TOOLCHAIN_GCC_ARM/retarget.o (fgetc)
c:/program files (x86)/emblocks/2.30/share/em_armgcc/bin/../lib/gcc/arm-none-eabi/4.7.3/../../../../arm-none-eabi/lib/armv7e-m/softfp\libc_n.a(lib_a-fgets.o)
                              mbed/TARGET_NUCLEO_F401RE/TOOLCHAIN_GCC_ARM/retarget.o (fgets)
c:/program files (x86)/emblocks/2.30/share/em_armgcc/bin/../lib/gcc/arm-none-eabi/4.7.3/../../../../arm-none-eabi/lib/armv7e-m/softfp\libc_n.a(lib_a-findfp.o)
                              c:/program files (x86)/emblocks/2.30/share/em_armgcc/bin/../lib/gcc/arm-none-eabi/4.7.3/../../../../arm-none-eabi/lib/armv7e-m/softfp\libc_n.a(lib_a-fgetc.o) (__sinit)
c:/program files (x86)/emblocks/2.30/share/em_armgcc/bin/../lib/gcc/arm-none-eabi/4.7.3/../../../../arm-none-eabi/lib/armv7e-m/softfp\libc_n.a(lib_a-fwalk.o)
                              c:/program files (x86)/emblocks/2.30/share/em_armgcc/bin/../lib/gcc/arm-none-eabi/4.7.3/../../../../arm-none-eabi/lib/armv7e-m/softfp\libc_n.a(lib_a-findfp.o) (_fwalk)
c:/program files (x86)/emblocks/2.30/share/em_armgcc/bin/../lib/gcc/arm-none-eabi/4.7.3/../../../../arm-none-eabi/lib/armv7e-m/softfp\libc_n.a(lib_a-impure.o)
                              c:/program files (x86)/emblocks/2.30/share/em_armgcc/bin/../lib/gcc/arm-none-eabi/4.7.3/../../../../arm-none-eabi/lib/armv7e-m/softfp\libc_n.a(lib_a-exit.o) (_global_impure_ptr)
c:/program files (x86)/emblocks/2.30/share/em_armgcc/bin/../lib/gcc/arm-none-eabi/4.7.3/../../../../arm-none-eabi/lib/armv7e-m/softfp\libc_n.a(lib_a-init.o)
                              c:/program files (x86)/emblocks/2.30/share/em_armgcc/bin/../lib/gcc/arm-none-eabi/4.7.3/../../../../arm-none-eabi/lib/armv7e-m/softfp/crt0.o (__libc_init_array)
c:/program files (x86)/emblocks/2.30/share/em_armgcc/bin/../lib/gcc/arm-none-eabi/4.7.3/../../../../arm-none-eabi/lib/armv7e-m/softfp\libc_n.a(lib_a-malloc.o)
                              c:/program files (x86)/emblocks/2.30/share/em_armgcc/bin/../lib/gcc/arm-none-eabi/4.7.3/../../../../arm-none-eabi/lib/armv7e-m/softfp\libstdc++_n.a(del_op.o) (free)
c:/program files (x86)/emblocks/2.30/share/em_armgcc/bin/../lib/gcc/arm-none-eabi/4.7.3/../../../../arm-none-eabi/lib/armv7e-m/softfp\libc_n.a(lib_a-memchr-stub.o)
                              c:/program files (x86)/emblocks/2.30/share/em_armgcc/bin/../lib/gcc/arm-none-eabi/4.7.3/../../../../arm-none-eabi/lib/armv7e-m/softfp\libc_n.a(lib_a-fgets.o) (memchr)
c:/program files (x86)/emblocks/2.30/share/em_armgcc/bin/../lib/gcc/arm-none-eabi/4.7.3/../../../../arm-none-eabi/lib/armv7e-m/softfp\libc_n.a(lib_a-memcpy-stub.o)
                              c:/program files (x86)/emblocks/2.30/share/em_armgcc/bin/../lib/gcc/arm-none-eabi/4.7.3/../../../../arm-none-eabi/lib/armv7e-m/softfp\libc_n.a(lib_a-fgets.o) (memcpy)
c:/program files (x86)/emblocks/2.30/share/em_armgcc/bin/../lib/gcc/arm-none-eabi/4.7.3/../../../../arm-none-eabi/lib/armv7e-m/softfp\libc_n.a(lib_a-memset.o)
                              c:/program files (x86)/emblocks/2.30/share/em_armgcc/bin/../lib/gcc/arm-none-eabi/4.7.3/../../../../arm-none-eabi/lib/armv7e-m/softfp/crt0.o (memset)
c:/program files (x86)/emblocks/2.30/share/em_armgcc/bin/../lib/gcc/arm-none-eabi/4.7.3/../../../../arm-none-eabi/lib/armv7e-m/softfp\libc_n.a(lib_a-nano-freer.o)
                              c:/program files (x86)/emblocks/2.30/share/em_armgcc/bin/../lib/gcc/arm-none-eabi/4.7.3/../../../../arm-none-eabi/lib/armv7e-m/softfp\libc_n.a(lib_a-malloc.o) (_free_r)
[...]
Memory Configuration

Name             Origin             Length             Attributes
FLASH            0x08000000         0x00080000         xr
RAM              0x20000194         0x00017e6c         xrw
*default*        0x00000000         0xffffffff

Linker script and memory map

LOAD c:/program files (x86)/emblocks/2.30/share/em_armgcc/bin/../lib/gcc/arm-none-eabi/4.7.3/armv7e-m/softfp/crti.o
LOAD c:/program files (x86)/emblocks/2.30/share/em_armgcc/bin/../lib/gcc/arm-none-eabi/4.7.3/armv7e-m/softfp/crtbegin.o
LOAD c:/program files (x86)/emblocks/2.30/share/em_armgcc/bin/../lib/gcc/arm-none-eabi/4.7.3/../../../../arm-none-eabi/lib/armv7e-m/softfp/crt0.o

.text           0x08000000      0xe9c
 *(.isr_vector)
 .isr_vector    0x08000000      0x194 mbed/TARGET_NUCLEO_F401RE/TOOLCHAIN_GCC_ARM/startup_stm32f401xe.o
                0x08000000                g_pfnVectors
 *(.text*)
 .text          0x08000194       0x54 c:/program files (x86)/emblocks/2.30/share/em_armgcc/bin/../lib/gcc/arm-none-eabi/4.7.3/armv7e-m/softfp/crtbegin.o
 .text          0x080001e8       0x74 c:/program files (x86)/emblocks/2.30/share/em_armgcc/bin/../lib/gcc/arm-none-eabi/4.7.3/../../../../arm-none-eabi/lib/armv7e-m/softfp/crt0.o
                0x080001e8                _start
                0x080001e8                _mainCRTStartup
 .text.startup.main
                0x0800025c        0x4 .objs\main.o
                0x0800025c                main
 .text.Reset_Handler
                0x08000260       0x54 mbed/TARGET_NUCLEO_F401RE/TOOLCHAIN_GCC_ARM/startup_stm32f401xe.o
                0x08000260                Reset_Handler
 .text.Default_Handler
                0x080002b4        0x4 mbed/TARGET_NUCLEO_F401RE/TOOLCHAIN_GCC_ARM/startup_stm32f401xe.o
                0x080002b4                RTC_Alarm_IRQHandler
                0x080002b4                EXTI2_IRQHandler
                0x080002b4                DebugMon_Handler
                0x080002b4                SPI4_IRQHandler
                0x080002b4                TIM1_CC_IRQHandler
                0x080002b4                DMA2_Stream5_IRQHandler
                0x080002b4                HardFault_Handler
                0x080002b4                DMA1_Stream5_IRQHandler
                0x080002b4                SysTick_Handler
                0x080002b4                PVD_IRQHandler
                0x080002b4                SDIO_IRQHandler
                0x080002b4                TAMP_STAMP_IRQHandler
                0x080002b4                PendSV_Handler
                0x080002b4                NMI_Handler
                0x080002b4                EXTI3_IRQHandler
                0x080002b4                TIM1_UP_TIM10_IRQHandler
                0x080002b4                I2C3_ER_IRQHandler
                0x080002b4                EXTI0_IRQHandler
                0x080002b4                I2C2_EV_IRQHandler
                0x080002b4                DMA1_Stream2_IRQHandler
                0x080002b4                FPU_IRQHandler
                0x080002b4                UsageFault_Handler
                0x080002b4                DMA2_Stream2_IRQHandler
                0x080002b4                SPI1_IRQHandler
                0x080002b4                TIM1_BRK_TIM9_IRQHandler
                0x080002b4                DMA2_Stream3_IRQHandler
                0x080002b4                USART6_IRQHandler
                0x080002b4                DMA2_Stream0_IRQHandler
                0x080002b4                TIM4_IRQHandler
                0x080002b4                I2C1_EV_IRQHandler
                0x080002b4                DMA1_Stream6_IRQHandler
                0x080002b4                DMA1_Stream1_IRQHandler
                0x080002b4                TIM3_IRQHandler
                0x080002b4                RCC_IRQHandler
                0x080002b4                Default_Handler
                0x080002b4                EXTI15_10_IRQHandler
                0x080002b4                ADC_IRQHandler
                0x080002b4                DMA1_Stream7_IRQHandler
                0x080002b4                TIM5_IRQHandler
                0x080002b4                DMA2_Stream7_IRQHandler
                0x080002b4                I2C3_EV_IRQHandler
                0x080002b4                EXTI9_5_IRQHandler
                0x080002b4                RTC_WKUP_IRQHandler
                0x080002b4                SPI2_IRQHandler
                0x080002b4                MemManage_Handler
                0x080002b4                DMA1_Stream0_IRQHandler
                0x080002b4                SVC_Handler
                0x080002b4                EXTI4_IRQHandler
                0x080002b4                WWDG_IRQHandler
                0x080002b4                TIM2_IRQHandler
                0x080002b4                OTG_FS_WKUP_IRQHandler
                0x080002b4                TIM1_TRG_COM_TIM11_IRQHandler
                0x080002b4                EXTI1_IRQHandler
                0x080002b4                USART2_IRQHandler
                0x080002b4                I2C2_ER_IRQHandler
                0x080002b4                DMA2_Stream1_IRQHandler
                0x080002b4                FLASH_IRQHandler
                0x080002b4                DMA2_Stream4_IRQHandler
                0x080002b4                BusFault_Handler
                0x080002b4                USART1_IRQHandler
                0x080002b4                OTG_FS_IRQHandler
                0x080002b4                SPI3_IRQHandler
                0x080002b4                DMA1_Stream4_IRQHandler
                0x080002b4                I2C1_ER_IRQHandler
                0x080002b4                DMA2_Stream6_IRQHandler
                0x080002b4                DMA1_Stream3_IRQHandler
 .text.mbed_main
                0x080002b8        0x4 mbed/TARGET_NUCLEO_F401RE/TOOLCHAIN_GCC_ARM/retarget.o
                0x080002b8                mbed_main
 .text.__wrap_main
                0x080002bc       0x14 mbed/TARGET_NUCLEO_F401RE/TOOLCHAIN_GCC_ARM/retarget.o
                0x080002bc                __wrap_main
 .text.HAL_NVIC_SetPriorityGrouping
                0x080002d0       0x24 mbed/TARGET_NUCLEO_F401RE/TOOLCHAIN_GCC_ARM/stm32f4xx_hal_cortex.o
                0x080002d0                HAL_NVIC_SetPriorityGrouping
 .text.HAL_TIM_OC_MspInit
                0x080002f4        0x4 mbed/TARGET_NUCLEO_F401RE/TOOLCHAIN_GCC_ARM/stm32f4xx_hal_tim.o
                0x080002f4                HAL_TIM_OC_MspInit
 .text.HAL_TIM_OC_Start
                0x080002f8       0x40 mbed/TARGET_NUCLEO_F401RE/TOOLCHAIN_GCC_ARM/stm32f4xx_hal_tim.o
                0x080002f8                HAL_TIM_OC_Start
 .text.TIM_Base_SetConfig
                0x08000338       0xa0 mbed/TARGET_NUCLEO_F401RE/TOOLCHAIN_GCC_ARM/stm32f4xx_hal_tim.o
                0x08000338                TIM_Base_SetConfig
 .text.HAL_TIM_OC_Init
                0x080003d8       0x30 mbed/TARGET_NUCLEO_F401RE/TOOLCHAIN_GCC_ARM/stm32f4xx_hal_tim.o
                0x080003d8                HAL_TIM_OC_Init
 .text.NVIC_SetVector
                0x08000408       0x48 mbed/TARGET_NUCLEO_F401RE/TOOLCHAIN_GCC_ARM/cmsis_nvic.o
                0x08000408                NVIC_SetVector
 .text.HAL_RCC_OscConfig
                0x08000450      0x35c mbed/TARGET_NUCLEO_F401RE/TOOLCHAIN_GCC_ARM/stm32f4xx_hal_rcc.o
                0x08000450                HAL_RCC_OscConfig
 .text.HAL_RCC_ClockConfig
                0x080007ac      0x1b0 mbed/TARGET_NUCLEO_F401RE/TOOLCHAIN_GCC_ARM/stm32f4xx_hal_rcc.o
                0x080007ac                HAL_RCC_ClockConfig
 .text.mbed_sdk_init
                0x0800095c       0x10 mbed/TARGET_NUCLEO_F401RE/TOOLCHAIN_GCC_ARM/mbed_overrides.o
                0x0800095c                mbed_sdk_init
 .text.HAL_MspInit
                0x0800096c        0x4 mbed/TARGET_NUCLEO_F401RE/TOOLCHAIN_GCC_ARM/stm32f4xx_hal.o
                0x0800096c                HAL_MspInit
 .text.HAL_Init
                0x08000970       0x34 mbed/TARGET_NUCLEO_F401RE/TOOLCHAIN_GCC_ARM/stm32f4xx_hal.o
                0x08000970                HAL_Init
 .text.HAL_IncTick
                0x080009a4       0x10 mbed/TARGET_NUCLEO_F401RE/TOOLCHAIN_GCC_ARM/stm32f4xx_hal.o
                0x080009a4                HAL_IncTick
 .text.HAL_GetTick
                0x080009b4        0xc mbed/TARGET_NUCLEO_F401RE/TOOLCHAIN_GCC_ARM/stm32f4xx_hal.o
                0x080009b4                HAL_GetTick
 .text.SystemCoreClockUpdate
                0x080009c0       0x70 mbed/TARGET_NUCLEO_F401RE/TOOLCHAIN_GCC_ARM/system_stm32f4xx.o
                0x080009c0                SystemCoreClockUpdate
 .text.SetSysClock_PLL_HSE
                0x08000a30       0x84 mbed/TARGET_NUCLEO_F401RE/TOOLCHAIN_GCC_ARM/system_stm32f4xx.o
                0x08000a30                SetSysClock_PLL_HSE
 .text.SetSysClock_PLL_HSI
                0x08000ab4       0x84 mbed/TARGET_NUCLEO_F401RE/TOOLCHAIN_GCC_ARM/system_stm32f4xx.o
                0x08000ab4                SetSysClock_PLL_HSI
 .text.SetSysClock
                0x08000b38       0x20 mbed/TARGET_NUCLEO_F401RE/TOOLCHAIN_GCC_ARM/system_stm32f4xx.o
                0x08000b38                SetSysClock
 .text.SystemInit
                0x08000b58       0x74 mbed/TARGET_NUCLEO_F401RE/TOOLCHAIN_GCC_ARM/system_stm32f4xx.o
                0x08000b58                SystemInit
 .text.timer_irq_handler
                0x08000bcc       0x50 mbed/TARGET_NUCLEO_F401RE/TOOLCHAIN_GCC_ARM/hal_tick.o
                0x08000bcc                timer_irq_handler
 .text.HAL_InitTick
                0x08000c1c       0xa4 mbed/TARGET_NUCLEO_F401RE/TOOLCHAIN_GCC_ARM/hal_tick.o
                0x08000c1c                HAL_InitTick
 .text.exit     0x08000cc0       0x28 c:/program files (x86)/emblocks/2.30/share/em_armgcc/bin/../lib/gcc/arm-none-eabi/4.7.3/../../../../arm-none-eabi/lib/armv7e-m/softfp\libc_n.a(lib_a-exit.o)
                0x08000cc0                exit
 .text.__libc_init_array
                0x08000ce8       0x4c c:/program files (x86)/emblocks/2.30/share/em_armgcc/bin/../lib/gcc/arm-none-eabi/4.7.3/../../../../arm-none-eabi/lib/armv7e-m/softfp\libc_n.a(lib_a-init.o)
                0x08000ce8                __libc_init_array
 .text.memset   0x08000d34       0x10 c:/program files (x86)/emblocks/2.30/share/em_armgcc/bin/../lib/gcc/arm-none-eabi/4.7.3/../../../../arm-none-eabi/lib/armv7e-m/softfp\libc_n.a(lib_a-memset.o)
                0x08000d34                memset
 .text._exit    0x08000d44        0x4 c:/program files (x86)/emblocks/2.30/share/em_armgcc/bin/../lib/gcc/arm-none-eabi/4.7.3/../../../../arm-none-eabi/lib/armv7e-m/softfp\libnosys.a(_exit.o)
                0x08000d44                _exit
 .text.us_ticker_irq_handler
                0x08000d48       0x48 mbed\TARGET_NUCLEO_F401RE\TOOLCHAIN_GCC_ARM\libmbed.a(us_ticker_api.o)
                0x08000d48                us_ticker_irq_handler
 .text.us_ticker_init
                0x08000d90       0x24 mbed\TARGET_NUCLEO_F401RE\TOOLCHAIN_GCC_ARM\libmbed.a(us_ticker.o)
                0x08000d90                us_ticker_init
 .text.us_ticker_read
                0x08000db4       0x1c mbed\TARGET_NUCLEO_F401RE\TOOLCHAIN_GCC_ARM\libmbed.a(us_ticker.o)
                0x08000db4                us_ticker_read
 .text.us_ticker_set_interrupt
                0x08000dd0       0x14 mbed\TARGET_NUCLEO_F401RE\TOOLCHAIN_GCC_ARM\libmbed.a(us_ticker.o)
                0x08000dd0                us_ticker_set_interrupt
 .text.us_ticker_disable_interrupt
                0x08000de4       0x14 mbed\TARGET_NUCLEO_F401RE\TOOLCHAIN_GCC_ARM\libmbed.a(us_ticker.o)
                0x08000de4                us_ticker_disable_interrupt
 .text.us_ticker_clear_interrupt
                0x08000df8       0x10 mbed\TARGET_NUCLEO_F401RE\TOOLCHAIN_GCC_ARM\libmbed.a(us_ticker.o)
                0x08000df8                us_ticker_clear_interrupt
 *(.init)
 .init          0x08000e08        0x4 c:/program files (x86)/emblocks/2.30/share/em_armgcc/bin/../lib/gcc/arm-none-eabi/4.7.3/armv7e-m/softfp/crti.o
                0x08000e08                _init
 .init          0x08000e0c        0x8 c:/program files (x86)/emblocks/2.30/share/em_armgcc/bin/../lib/gcc/arm-none-eabi/4.7.3/armv7e-m/softfp/crtn.o
 *(.fini)
 .fini          0x08000e14        0x4 c:/program files (x86)/emblocks/2.30/share/em_armgcc/bin/../lib/gcc/arm-none-eabi/4.7.3/armv7e-m/softfp/crti.o
                0x08000e14                _fini
 .fini          0x08000e18        0x8 c:/program files (x86)/emblocks/2.30/share/em_armgcc/bin/../lib/gcc/arm-none-eabi/4.7.3/armv7e-m/softfp/crtn.o
 *crtbegin.o(.ctors)
 *crtbegin?.o(.ctors)
 *(EXCLUDE_FILE(*crtend.o *crtend?.o) .ctors)
 *(SORT(.ctors.*))
 *(.ctors)
 *crtbegin.o(.dtors)
 *crtbegin?.o(.dtors)
 *(EXCLUDE_FILE(*crtend.o *crtend?.o) .dtors)
 *(SORT(.dtors.*))
 *(.dtors)
 *(.rodata*)
 .rodata.AHBPrescTable
                0x08000e20       0x10 mbed/TARGET_NUCLEO_F401RE/TOOLCHAIN_GCC_ARM/system_stm32f4xx.o
                0x08000e20                AHBPrescTable
 .rodata.__sf_fake_stdin
                0x08000e30       0x20 c:/program files (x86)/emblocks/2.30/share/em_armgcc/bin/../lib/gcc/arm-none-eabi/4.7.3/../../../../arm-none-eabi/lib/armv7e-m/softfp\libc_n.a(lib_a-findfp.o)
                0x08000e30                __sf_fake_stdin
 .rodata.__sf_fake_stdout
                0x08000e50       0x20 c:/program files (x86)/emblocks/2.30/share/em_armgcc/bin/../lib/gcc/arm-none-eabi/4.7.3/../../../../arm-none-eabi/lib/armv7e-m/softfp\libc_n.a(lib_a-findfp.o)
                0x08000e50                __sf_fake_stdout
 .rodata.__sf_fake_stderr
                0x08000e70       0x20 c:/program files (x86)/emblocks/2.30/share/em_armgcc/bin/../lib/gcc/arm-none-eabi/4.7.3/../../../../arm-none-eabi/lib/armv7e-m/softfp\libc_n.a(lib_a-findfp.o)
                0x08000e70                __sf_fake_stderr
 .rodata.str1.1
                0x08000e90        0x2 c:/program files (x86)/emblocks/2.30/share/em_armgcc/bin/../lib/gcc/arm-none-eabi/4.7.3/../../../../arm-none-eabi/lib/armv7e-m/softfp\libc_n.a(lib_a-impure.o)
 *fill*         0x08000e92        0x2 
 .rodata._global_impure_ptr
                0x08000e94        0x4 c:/program files (x86)/emblocks/2.30/share/em_armgcc/bin/../lib/gcc/arm-none-eabi/4.7.3/../../../../arm-none-eabi/lib/armv7e-m/softfp\libc_n.a(lib_a-impure.o)
                0x08000e94                _global_impure_ptr
 *(.eh_frame*)
 .eh_frame      0x08000e98        0x0 c:/program files (x86)/emblocks/2.30/share/em_armgcc/bin/../lib/gcc/arm-none-eabi/4.7.3/armv7e-m/softfp/crtbegin.o
 .eh_frame      0x08000e98        0x4 c:/program files (x86)/emblocks/2.30/share/em_armgcc/bin/../lib/gcc/arm-none-eabi/4.7.3/armv7e-m/softfp/crtend.o

.glue_7         0x08000e9c        0x0
 .glue_7        0x00000000        0x0 linker stubs

.glue_7t        0x08000e9c        0x0
 .glue_7t       0x00000000        0x0 linker stubs

.vfp11_veneer   0x08000e9c        0x0
 .vfp11_veneer  0x00000000        0x0 linker stubs

.v4_bx          0x08000e9c        0x0
 .v4_bx         0x00000000        0x0 linker stubs

.iplt           0x08000e9c        0x0
 .iplt          0x00000000        0x0 c:/program files (x86)/emblocks/2.30/share/em_armgcc/bin/../lib/gcc/arm-none-eabi/4.7.3/armv7e-m/softfp/crtbegin.o

.ARM.extab
 *(.ARM.extab* .gnu.linkonce.armextab.*)
                0x08000e9c                __exidx_start = .

.ARM.exidx      0x08000e9c        0x8
 *(.ARM.exidx* .gnu.linkonce.armexidx.*)
 .ARM.exidx     0x08000e9c        0x8 c:/program files (x86)/emblocks/2.30/share/em_armgcc/bin/../lib/gcc/arm-none-eabi/4.7.3/../../../../arm-none-eabi/lib/armv7e-m/softfp/crt0.o
                0x08000ea4                __exidx_end = .
                0x08000ea4                __etext = .
                0x08000ea4                _sidata = .

.rel.dyn        0x08000ea4        0x0
 .rel.iplt      0x00000000        0x0 c:/program files (x86)/emblocks/2.30/share/em_armgcc/bin/../lib/gcc/arm-none-eabi/4.7.3/armv7e-m/softfp/crtbegin.o

.data           0x20000194       0x70 load address 0x08000ea4
                0x20000194                __data_start__ = .
                0x20000194                _sdata = .
 *(vtable)
 *(.data*)
 .data.SystemCoreClock
                0x20000194        0x4 mbed/TARGET_NUCLEO_F401RE/TOOLCHAIN_GCC_ARM/system_stm32f4xx.o
                0x20000194                SystemCoreClock
 .data.impure_data
                0x20000198       0x60 c:/program files (x86)/emblocks/2.30/share/em_armgcc/bin/../lib/gcc/arm-none-eabi/4.7.3/../../../../arm-none-eabi/lib/armv7e-m/softfp\libc_n.a(lib_a-impure.o)
                0x200001f8                . = ALIGN (0x4)
                0x200001f8                PROVIDE (__preinit_array_start, .)
 *(.preinit_array)
                0x200001f8                PROVIDE (__preinit_array_end, .)
                0x200001f8                . = ALIGN (0x4)
                0x200001f8                PROVIDE (__init_array_start, .)
 *(SORT(.init_array.*))
 *(.init_array)
 .init_array    0x200001f8        0x4 c:/program files (x86)/emblocks/2.30/share/em_armgcc/bin/../lib/gcc/arm-none-eabi/4.7.3/armv7e-m/softfp/crtbegin.o
                0x200001fc                PROVIDE (__init_array_end, .)
                0x200001fc                . = ALIGN (0x4)
                0x200001fc                PROVIDE (__fini_array_start, .)
 *(SORT(.fini_array.*))
 *(.fini_array)
 .fini_array    0x200001fc        0x4 c:/program files (x86)/emblocks/2.30/share/em_armgcc/bin/../lib/gcc/arm-none-eabi/4.7.3/armv7e-m/softfp/crtbegin.o
                0x20000200                PROVIDE (__fini_array_end, .)
 *(.jcr*)
 .jcr           0x20000200        0x0 c:/program files (x86)/emblocks/2.30/share/em_armgcc/bin/../lib/gcc/arm-none-eabi/4.7.3/armv7e-m/softfp/crtbegin.o
 .jcr           0x20000200        0x4 c:/program files (x86)/emblocks/2.30/share/em_armgcc/bin/../lib/gcc/arm-none-eabi/4.7.3/armv7e-m/softfp/crtend.o
                0x20000204                . = ALIGN (0x4)
                0x20000204                __data_end__ = .
                0x20000204                _edata = .

.igot.plt       0x20000204        0x0 load address 0x08000f14
 .igot.plt      0x00000000        0x0 c:/program files (x86)/emblocks/2.30/share/em_armgcc/bin/../lib/gcc/arm-none-eabi/4.7.3/armv7e-m/softfp/crtbegin.o

.bss            0x20000204       0xa8 load address 0x08000f14
                0x20000204                . = ALIGN (0x4)
                0x20000204                __bss_start__ = .
                0x20000204                _sbss = .
 *(.bss*)
 .bss           0x20000204       0x1c c:/program files (x86)/emblocks/2.30/share/em_armgcc/bin/../lib/gcc/arm-none-eabi/4.7.3/armv7e-m/softfp/crtbegin.o
 .bss.uwTick    0x20000220        0x4 mbed/TARGET_NUCLEO_F401RE/TOOLCHAIN_GCC_ARM/stm32f4xx_hal.o
 .bss.PreviousVal
                0x20000224        0x4 mbed/TARGET_NUCLEO_F401RE/TOOLCHAIN_GCC_ARM/hal_tick.o
                0x20000224                PreviousVal
 .bss.head      0x20000228        0x4 mbed\TARGET_NUCLEO_F401RE\TOOLCHAIN_GCC_ARM\libmbed.a(us_ticker_api.o)
 .bss.event_handler
                0x2000022c        0x4 mbed\TARGET_NUCLEO_F401RE\TOOLCHAIN_GCC_ARM\libmbed.a(us_ticker_api.o)
 .bss.TimMasterHandle
                0x20000230       0x3c mbed\TARGET_NUCLEO_F401RE\TOOLCHAIN_GCC_ARM\libmbed.a(us_ticker.o)
 .bss.us_ticker_inited
                0x2000026c        0x4 mbed\TARGET_NUCLEO_F401RE\TOOLCHAIN_GCC_ARM\libmbed.a(us_ticker.o)
 *(COMMON)
 COMMON         0x20000270       0x3c mbed/TARGET_NUCLEO_F401RE/TOOLCHAIN_GCC_ARM/hal_tick.o
                0x20000270                TimMasterHandle
                0x200002ac                . = ALIGN (0x4)
                0x200002ac                __bss_end__ = .
                0x200002ac                _ebss = .

.heap           0x200002ac        0x0
                0x200002ac                __end__ = .
                0x200002ac                end = __end__
 *(.heap*)
                0x200002ac                __HeapLimit = .

.stack_dummy    0x200002ac        0x0
 *(.stack*)
                0x20018000                __StackTop = (ORIGIN (RAM) + 0x17e6c)
                0x20018000                _estack = __StackTop
                0x20018000                __StackLimit = (__StackTop - SIZEOF (.stack_dummy))
                0x20018000                PROVIDE (__stack, __StackTop)
                0x00000001                ASSERT ((__StackLimit >= __HeapLimit), region RAM overflowed with stack)
LOAD .objs\sevensegpwm\sevensegpwm.o
LOAD .objs\main.o
LOAD .objs\pca9685\pca9685\adafruit_pwmservodriver.o
LOAD mbed/TARGET_NUCLEO_F401RE/TOOLCHAIN_GCC_ARM/stm32f4xx_hal_dma.o
LOAD mbed/TARGET_NUCLEO_F401RE/TOOLCHAIN_GCC_ARM/startup_stm32f401xe.o
LOAD mbed/TARGET_NUCLEO_F401RE/TOOLCHAIN_GCC_ARM/retarget.o
LOAD mbed/TARGET_NUCLEO_F401RE/TOOLCHAIN_GCC_ARM/stm32f4xx_hal_nor.o
LOAD mbed/TARGET_NUCLEO_F401RE/TOOLCHAIN_GCC_ARM/stm32f4xx_hal_usart.o
LOAD mbed/TARGET_NUCLEO_F401RE/TOOLCHAIN_GCC_ARM/stm32f4xx_hal_crc.o
LOAD mbed/TARGET_NUCLEO_F401RE/TOOLCHAIN_GCC_ARM/stm32f4xx_hal_pwr_ex.o
LOAD mbed/TARGET_NUCLEO_F401RE/TOOLCHAIN_GCC_ARM/stm32f4xx_hal_rcc_ex.o
LOAD mbed/TARGET_NUCLEO_F401RE/TOOLCHAIN_GCC_ARM/stm32f4xx_hal_flash_ex.o
LOAD mbed/TARGET_NUCLEO_F401RE/TOOLCHAIN_GCC_ARM/stm32f4xx_hal_i2c_ex.o
LOAD mbed/TARGET_NUCLEO_F401RE/TOOLCHAIN_GCC_ARM/stm32f4xx_hal_adc_ex.o
LOAD mbed/TARGET_NUCLEO_F401RE/TOOLCHAIN_GCC_ARM/stm32f4xx_hal_i2s_ex.o
LOAD mbed/TARGET_NUCLEO_F401RE/TOOLCHAIN_GCC_ARM/stm32f4xx_hal_sd.o
LOAD mbed/TARGET_NUCLEO_F401RE/TOOLCHAIN_GCC_ARM/stm32f4xx_hal_cortex.o
LOAD mbed/TARGET_NUCLEO_F401RE/TOOLCHAIN_GCC_ARM/stm32f4xx_hal_irda.o
LOAD mbed/TARGET_NUCLEO_F401RE/TOOLCHAIN_GCC_ARM/stm32f4xx_hal_adc.o
LOAD mbed/TARGET_NUCLEO_F401RE/TOOLCHAIN_GCC_ARM/stm32f4xx_hal_can.o
LOAD mbed/TARGET_NUCLEO_F401RE/TOOLCHAIN_GCC_ARM/stm32f4xx_hal_rng.o
LOAD mbed/TARGET_NUCLEO_F401RE/TOOLCHAIN_GCC_ARM/stm32f4xx_hal_pcd_ex.o
LOAD mbed/TARGET_NUCLEO_F401RE/TOOLCHAIN_GCC_ARM/board.o
LOAD mbed/TARGET_NUCLEO_F401RE/TOOLCHAIN_GCC_ARM/stm32f4xx_hal_tim.o
LOAD mbed/TARGET_NUCLEO_F401RE/TOOLCHAIN_GCC_ARM/stm32f4xx_hal_i2s.o
LOAD mbed/TARGET_NUCLEO_F401RE/TOOLCHAIN_GCC_ARM/stm32f4xx_hal_iwdg.o
LOAD mbed/TARGET_NUCLEO_F401RE/TOOLCHAIN_GCC_ARM/stm32f4xx_hal_flash.o
LOAD mbed/TARGET_NUCLEO_F401RE/TOOLCHAIN_GCC_ARM/stm32f4xx_hal_cryp.o
LOAD mbed/TARGET_NUCLEO_F401RE/TOOLCHAIN_GCC_ARM/stm32f4xx_hal_cryp_ex.o
LOAD mbed/TARGET_NUCLEO_F401RE/TOOLCHAIN_GCC_ARM/cmsis_nvic.o
LOAD mbed/TARGET_NUCLEO_F401RE/TOOLCHAIN_GCC_ARM/stm32f4xx_ll_fsmc.o
LOAD mbed/TARGET_NUCLEO_F401RE/TOOLCHAIN_GCC_ARM/stm32f4xx_hal_wwdg.o
LOAD mbed/TARGET_NUCLEO_F401RE/TOOLCHAIN_GCC_ARM/stm32f4xx_hal_sai.o
LOAD mbed/TARGET_NUCLEO_F401RE/TOOLCHAIN_GCC_ARM/stm32f4xx_hal_dma_ex.o
LOAD mbed/TARGET_NUCLEO_F401RE/TOOLCHAIN_GCC_ARM/stm32f4xx_hal_smartcard.o
LOAD mbed/TARGET_NUCLEO_F401RE/TOOLCHAIN_GCC_ARM/stm32f4xx_hal_hash.o
LOAD mbed/TARGET_NUCLEO_F401RE/TOOLCHAIN_GCC_ARM/stm32f4xx_hal_rcc.o
LOAD mbed/TARGET_NUCLEO_F401RE/TOOLCHAIN_GCC_ARM/mbed_overrides.o
LOAD mbed/TARGET_NUCLEO_F401RE/TOOLCHAIN_GCC_ARM/stm32f4xx_hal_eth.o
LOAD mbed/TARGET_NUCLEO_F401RE/TOOLCHAIN_GCC_ARM/stm32f4xx_ll_sdmmc.o
LOAD mbed/TARGET_NUCLEO_F401RE/TOOLCHAIN_GCC_ARM/stm32f4xx_hal_dma2d.o
LOAD mbed/TARGET_NUCLEO_F401RE/TOOLCHAIN_GCC_ARM/stm32f4xx_hal_spi.o
LOAD mbed/TARGET_NUCLEO_F401RE/TOOLCHAIN_GCC_ARM/stm32f4xx_hal_gpio.o
LOAD mbed/TARGET_NUCLEO_F401RE/TOOLCHAIN_GCC_ARM/stm32f4xx_ll_fmc.o
LOAD mbed/TARGET_NUCLEO_F401RE/TOOLCHAIN_GCC_ARM/stm32f4xx_hal_nand.o
LOAD mbed/TARGET_NUCLEO_F401RE/TOOLCHAIN_GCC_ARM/stm32f4xx_hal_hash_ex.o
LOAD mbed/TARGET_NUCLEO_F401RE/TOOLCHAIN_GCC_ARM/stm32f4xx_hal.o
LOAD mbed/TARGET_NUCLEO_F401RE/TOOLCHAIN_GCC_ARM/stm32f4xx_hal_ltdc.o
LOAD mbed/TARGET_NUCLEO_F401RE/TOOLCHAIN_GCC_ARM/system_stm32f4xx.o
LOAD mbed/TARGET_NUCLEO_F401RE/TOOLCHAIN_GCC_ARM/stm32f4xx_ll_usb.o
LOAD mbed/TARGET_NUCLEO_F401RE/TOOLCHAIN_GCC_ARM/stm32f4xx_hal_uart.o
LOAD mbed/TARGET_NUCLEO_F401RE/TOOLCHAIN_GCC_ARM/stm32f4xx_hal_dcmi.o
LOAD mbed/TARGET_NUCLEO_F401RE/TOOLCHAIN_GCC_ARM/stm32f4xx_hal_dac.o
LOAD mbed/TARGET_NUCLEO_F401RE/TOOLCHAIN_GCC_ARM/stm32f4xx_hal_dac_ex.o
LOAD mbed/TARGET_NUCLEO_F401RE/TOOLCHAIN_GCC_ARM/stm32f4xx_hal_sram.o
LOAD mbed/TARGET_NUCLEO_F401RE/TOOLCHAIN_GCC_ARM/stm32f4xx_hal_pcd.o
LOAD mbed/TARGET_NUCLEO_F401RE/TOOLCHAIN_GCC_ARM/stm32f4xx_hal_flash_ramfunc.o
LOAD mbed/TARGET_NUCLEO_F401RE/TOOLCHAIN_GCC_ARM/stm32f4xx_hal_pccard.o
LOAD mbed/TARGET_NUCLEO_F401RE/TOOLCHAIN_GCC_ARM/hal_tick.o
LOAD mbed/TARGET_NUCLEO_F401RE/TOOLCHAIN_GCC_ARM/stm32f4xx_hal_tim_ex.o
LOAD mbed/TARGET_NUCLEO_F401RE/TOOLCHAIN_GCC_ARM/stm32f4xx_hal_i2c.o
LOAD mbed/TARGET_NUCLEO_F401RE/TOOLCHAIN_GCC_ARM/stm32f4xx_hal_sdram.o
LOAD mbed/TARGET_NUCLEO_F401RE/TOOLCHAIN_GCC_ARM/stm32f4xx_hal_rtc_ex.o
LOAD mbed/TARGET_NUCLEO_F401RE/TOOLCHAIN_GCC_ARM/stm32f4xx_hal_hcd.o
LOAD mbed/TARGET_NUCLEO_F401RE/TOOLCHAIN_GCC_ARM/stm32f4xx_hal_pwr.o
LOAD mbed/TARGET_NUCLEO_F401RE/TOOLCHAIN_GCC_ARM/stm32f4xx_hal_rtc.o
LOAD c:/program files (x86)/emblocks/2.30/share/em_armgcc/bin/../lib/gcc/arm-none-eabi/4.7.3/../../../../arm-none-eabi/lib/armv7e-m/softfp\libstdc++_n.a
LOAD c:/program files (x86)/emblocks/2.30/share/em_armgcc/bin/../lib/gcc/arm-none-eabi/4.7.3/../../../../arm-none-eabi/lib/armv7e-m/softfp\libsupc++_n.a
LOAD c:/program files (x86)/emblocks/2.30/share/em_armgcc/bin/../lib/gcc/arm-none-eabi/4.7.3/../../../../arm-none-eabi/lib/armv7e-m/softfp\libm.a
LOAD c:/program files (x86)/emblocks/2.30/share/em_armgcc/bin/../lib/gcc/arm-none-eabi/4.7.3/../../../../arm-none-eabi/lib/armv7e-m/softfp\libc_n.a
LOAD c:/program files (x86)/emblocks/2.30/share/em_armgcc/bin/../lib/gcc/arm-none-eabi/4.7.3/armv7e-m/softfp\libgcc.a
LOAD c:/program files (x86)/emblocks/2.30/share/em_armgcc/bin/../lib/gcc/arm-none-eabi/4.7.3/../../../../arm-none-eabi/lib/armv7e-m/softfp\libnosys.a
LOAD mbed\TARGET_NUCLEO_F401RE\TOOLCHAIN_GCC_ARM\libmbed.a
START GROUP
LOAD c:/program files (x86)/emblocks/2.30/share/em_armgcc/bin/../lib/gcc/arm-none-eabi/4.7.3/armv7e-m/softfp\libgcc.a
LOAD c:/program files (x86)/emblocks/2.30/share/em_armgcc/bin/../lib/gcc/arm-none-eabi/4.7.3/../../../../arm-none-eabi/lib/armv7e-m/softfp\libc_n.a
LOAD c:/program files (x86)/emblocks/2.30/share/em_armgcc/bin/../lib/gcc/arm-none-eabi/4.7.3/../../../../arm-none-eabi/lib/armv7e-m/softfp\libg_n.a
LOAD c:/program files (x86)/emblocks/2.30/share/em_armgcc/bin/../lib/gcc/arm-none-eabi/4.7.3/../../../../arm-none-eabi/lib/armv7e-m/softfp\libnosys.a
END GROUP
LOAD c:/program files (x86)/emblocks/2.30/share/em_armgcc/bin/../lib/gcc/arm-none-eabi/4.7.3/armv7e-m/softfp/crtend.o
LOAD c:/program files (x86)/emblocks/2.30/share/em_armgcc/bin/../lib/gcc/arm-none-eabi/4.7.3/armv7e-m/softfp/crtn.o
OUTPUT(.\build\SevenSegmentLib.elf elf32-littlearm)

.ARM.attributes
                0x00000000       0x2e
 .ARM.attributes
                0x00000000       0x22 c:/program files (x86)/emblocks/2.30/share/em_armgcc/bin/../lib/gcc/arm-none-eabi/4.7.3/armv7e-m/softfp/crti.o
 .ARM.attributes
                0x00000022       0x32 c:/program files (x86)/emblocks/2.30/share/em_armgcc/bin/../lib/gcc/arm-none-eabi/4.7.3/armv7e-m/softfp/crtbegin.o
 .ARM.attributes
                0x00000054       0x20 c:/program files (x86)/emblocks/2.30/share/em_armgcc/bin/../lib/gcc/arm-none-eabi/4.7.3/../../../../arm-none-eabi/lib/armv7e-m/softfp/crt0.o
 .ARM.attributes
                0x00000074       0x37 .objs\main.o
 .ARM.attributes
                0x000000ab       0x21 mbed/TARGET_NUCLEO_F401RE/TOOLCHAIN_GCC_ARM/startup_stm32f401xe.o
 .ARM.attributes
                0x000000cc       0x37 mbed/TARGET_NUCLEO_F401RE/TOOLCHAIN_GCC_ARM/retarget.o
 .ARM.attributes
                0x00000103       0x37 mbed/TARGET_NUCLEO_F401RE/TOOLCHAIN_GCC_ARM/stm32f4xx_hal_cortex.o
 .ARM.attributes
                0x0000013a       0x37 mbed/TARGET_NUCLEO_F401RE/TOOLCHAIN_GCC_ARM/stm32f4xx_hal_tim.o
 .ARM.attributes
                0x00000171       0x37 mbed/TARGET_NUCLEO_F401RE/TOOLCHAIN_GCC_ARM/cmsis_nvic.o
 .ARM.attributes
                0x000001a8       0x37 mbed/TARGET_NUCLEO_F401RE/TOOLCHAIN_GCC_ARM/stm32f4xx_hal_rcc.o
 .ARM.attributes
                0x000001df       0x37 mbed/TARGET_NUCLEO_F401RE/TOOLCHAIN_GCC_ARM/mbed_overrides.o
 .ARM.attributes
                0x00000216       0x37 mbed/TARGET_NUCLEO_F401RE/TOOLCHAIN_GCC_ARM/stm32f4xx_hal.o
 .ARM.attributes
                0x0000024d       0x37 mbed/TARGET_NUCLEO_F401RE/TOOLCHAIN_GCC_ARM/system_stm32f4xx.o
 .ARM.attributes
                0x00000284       0x37 mbed/TARGET_NUCLEO_F401RE/TOOLCHAIN_GCC_ARM/hal_tick.o
 .ARM.attributes
                0x000002bb       0x32 c:/program files (x86)/emblocks/2.30/share/em_armgcc/bin/../lib/gcc/arm-none-eabi/4.7.3/../../../../arm-none-eabi/lib/armv7e-m/softfp\libc_n.a(lib_a-exit.o)
 .ARM.attributes
                0x000002ed       0x32 c:/program files (x86)/emblocks/2.30/share/em_armgcc/bin/../lib/gcc/arm-none-eabi/4.7.3/../../../../arm-none-eabi/lib/armv7e-m/softfp\libc_n.a(lib_a-findfp.o)
 .ARM.attributes
                0x0000031f       0x32 c:/program files (x86)/emblocks/2.30/share/em_armgcc/bin/../lib/gcc/arm-none-eabi/4.7.3/../../../../arm-none-eabi/lib/armv7e-m/softfp\libc_n.a(lib_a-impure.o)
 .ARM.attributes
                0x00000351       0x32 c:/program files (x86)/emblocks/2.30/share/em_armgcc/bin/../lib/gcc/arm-none-eabi/4.7.3/../../../../arm-none-eabi/lib/armv7e-m/softfp\libc_n.a(lib_a-init.o)
 .ARM.attributes
                0x00000383       0x32 c:/program files (x86)/emblocks/2.30/share/em_armgcc/bin/../lib/gcc/arm-none-eabi/4.7.3/../../../../arm-none-eabi/lib/armv7e-m/softfp\libc_n.a(lib_a-memset.o)
 .ARM.attributes
                0x000003b5       0x32 c:/program files (x86)/emblocks/2.30/share/em_armgcc/bin/../lib/gcc/arm-none-eabi/4.7.3/../../../../arm-none-eabi/lib/armv7e-m/softfp\libnosys.a(_exit.o)
 .ARM.attributes
                0x000003e7       0x37 mbed\TARGET_NUCLEO_F401RE\TOOLCHAIN_GCC_ARM\libmbed.a(us_ticker_api.o)
 .ARM.attributes
                0x0000041e       0x37 mbed\TARGET_NUCLEO_F401RE\TOOLCHAIN_GCC_ARM\libmbed.a(us_ticker.o)
 .ARM.attributes
                0x00000455       0x32 c:/program files (x86)/emblocks/2.30/share/em_armgcc/bin/../lib/gcc/arm-none-eabi/4.7.3/armv7e-m/softfp/crtend.o
 .ARM.attributes
                0x00000487       0x22 c:/program files (x86)/emblocks/2.30/share/em_armgcc/bin/../lib/gcc/arm-none-eabi/4.7.3/armv7e-m/softfp/crtn.o

.comment        0x00000000       0xa8
 .comment       0x00000000       0x38 .objs\main.o
                                 0x39 (size before relaxing)
 .comment       0x00000038       0x70 mbed/TARGET_NUCLEO_F401RE/TOOLCHAIN_GCC_ARM/retarget.o
                                 0x71 (size before relaxing)
 .comment       0x00000000       0x71 mbed/TARGET_NUCLEO_F401RE/TOOLCHAIN_GCC_ARM/stm32f4xx_hal_cortex.o
 .comment       0x00000000       0x71 mbed/TARGET_NUCLEO_F401RE/TOOLCHAIN_GCC_ARM/stm32f4xx_hal_tim.o
 .comment       0x00000000       0x71 mbed/TARGET_NUCLEO_F401RE/TOOLCHAIN_GCC_ARM/cmsis_nvic.o
 .comment       0x00000000       0x71 mbed/TARGET_NUCLEO_F401RE/TOOLCHAIN_GCC_ARM/stm32f4xx_hal_rcc.o
 .comment       0x00000000       0x71 mbed/TARGET_NUCLEO_F401RE/TOOLCHAIN_GCC_ARM/mbed_overrides.o
 .comment       0x00000000       0x71 mbed/TARGET_NUCLEO_F401RE/TOOLCHAIN_GCC_ARM/stm32f4xx_hal.o
 .comment       0x00000000       0x71 mbed/TARGET_NUCLEO_F401RE/TOOLCHAIN_GCC_ARM/system_stm32f4xx.o
 .comment       0x00000000       0x71 mbed/TARGET_NUCLEO_F401RE/TOOLCHAIN_GCC_ARM/hal_tick.o
 .comment       0x00000000       0x71 mbed\TARGET_NUCLEO_F401RE\TOOLCHAIN_GCC_ARM\libmbed.a(us_ticker_api.o)
 .comment       0x00000000       0x71 mbed\TARGET_NUCLEO_F401RE\TOOLCHAIN_GCC_ARM\libmbed.a(us_ticker.o)

.debug_info     0x00000000     0x20e4
 .debug_info    0x00000000     0x20e4 .objs\main.o

.debug_abbrev   0x00000000      0x3a9
 .debug_abbrev  0x00000000      0x3a9 .objs\main.o

.debug_aranges  0x00000000       0x20
 .debug_aranges
                0x00000000       0x20 .objs\main.o

.debug_ranges   0x00000000       0x10
 .debug_ranges  0x00000000       0x10 .objs\main.o

.debug_macro    0x00000000     0xc8a5
 .debug_macro   0x00000000      0x758 .objs\main.o
 .debug_macro   0x00000758       0x10 .objs\main.o
 .debug_macro   0x00000768       0x10 .objs\main.o
 .debug_macro   0x00000778       0x82 .objs\main.o
 .debug_macro   0x000007fa       0x34 .objs\main.o
 .debug_macro   0x0000082e       0x28 .objs\main.o
 .debug_macro   0x00000856       0x3b .objs\main.o
 .debug_macro   0x00000891       0x16 .objs\main.o
 .debug_macro   0x000008a7       0x44 .objs\main.o
 .debug_macro   0x000008eb      0x209 .objs\main.o
 .debug_macro   0x00000af4       0x2d .objs\main.o
 .debug_macro   0x00000b21       0x42 .objs\main.o
 .debug_macro   0x00000b63      0xd39 .objs\main.o
 .debug_macro   0x0000189c     0x4f96 .objs\main.o
 .debug_macro   0x00006832       0x43 .objs\main.o
 .debug_macro   0x00006875      0x256 .objs\main.o
 .debug_macro   0x00006acb       0x57 .objs\main.o
 .debug_macro   0x00006b22      0xbb8 .objs\main.o
 .debug_macro   0x000076da       0x26 .objs\main.o
 .debug_macro   0x00007700      0x13f .objs\main.o
 .debug_macro   0x0000783f       0xf1 .objs\main.o
 .debug_macro   0x00007930      0x2cd .objs\main.o
 .debug_macro   0x00007bfd       0x52 .objs\main.o
 .debug_macro   0x00007c4f      0x3ec .objs\main.o
 .debug_macro   0x0000803b      0x14c .objs\main.o
 .debug_macro   0x00008187       0x22 .objs\main.o
 .debug_macro   0x000081a9      0x132 .objs\main.o
 .debug_macro   0x000082db      0x25d .objs\main.o
 .debug_macro   0x00008538      0x1e6 .objs\main.o
 .debug_macro   0x0000871e       0x22 .objs\main.o
 .debug_macro   0x00008740      0x1ae .objs\main.o
 .debug_macro   0x000088ee       0xa4 .objs\main.o
 .debug_macro   0x00008992      0x16e .objs\main.o
 .debug_macro   0x00008b00       0x52 .objs\main.o
 .debug_macro   0x00008b52      0x3d7 .objs\main.o
 .debug_macro   0x00008f29      0x313 .objs\main.o
 .debug_macro   0x0000923c      0x4b7 .objs\main.o
 .debug_macro   0x000096f3      0x22b .objs\main.o
 .debug_macro   0x0000991e      0x1d1 .objs\main.o
 .debug_macro   0x00009aef      0x84c .objs\main.o
 .debug_macro   0x0000a33b       0x4d .objs\main.o
 .debug_macro   0x0000a388      0x23a .objs\main.o
 .debug_macro   0x0000a5c2      0x1d8 .objs\main.o
 .debug_macro   0x0000a79a      0x168 .objs\main.o
 .debug_macro   0x0000a902      0x1d8 .objs\main.o
 .debug_macro   0x0000aada       0x85 .objs\main.o
 .debug_macro   0x0000ab5f      0x1df .objs\main.o
 .debug_macro   0x0000ad3e      0x108 .objs\main.o
 .debug_macro   0x0000ae46       0x12 .objs\main.o
 .debug_macro   0x0000ae58       0x74 .objs\main.o
 .debug_macro   0x0000aecc      0x11e .objs\main.o
 .debug_macro   0x0000afea       0x16 .objs\main.o
 .debug_macro   0x0000b000       0x1c .objs\main.o
 .debug_macro   0x0000b01c       0x7c .objs\main.o
 .debug_macro   0x0000b098       0x10 .objs\main.o
 .debug_macro   0x0000b0a8       0xe3 .objs\main.o
 .debug_macro   0x0000b18b      0x314 .objs\main.o
 .debug_macro   0x0000b49f      0x16c .objs\main.o
 .debug_macro   0x0000b60b       0x58 .objs\main.o
 .debug_macro   0x0000b663       0x35 .objs\main.o
 .debug_macro   0x0000b698       0xa2 .objs\main.o
 .debug_macro   0x0000b73a       0x16 .objs\main.o
 .debug_macro   0x0000b750       0x35 .objs\main.o
 .debug_macro   0x0000b785       0x52 .objs\main.o
 .debug_macro   0x0000b7d7       0x16 .objs\main.o
 .debug_macro   0x0000b7ed       0x43 .objs\main.o
 .debug_macro   0x0000b830      0x180 .objs\main.o
 .debug_macro   0x0000b9b0       0x16 .objs\main.o
 .debug_macro   0x0000b9c6       0x29 .objs\main.o
 .debug_macro   0x0000b9ef       0xac .objs\main.o
 .debug_macro   0x0000ba9b       0x1c .objs\main.o
 .debug_macro   0x0000bab7       0x10 .objs\main.o
 .debug_macro   0x0000bac7       0x10 .objs\main.o
 .debug_macro   0x0000bad7       0x22 .objs\main.o
 .debug_macro   0x0000baf9       0xbd .objs\main.o
 .debug_macro   0x0000bbb6       0x16 .objs\main.o
 .debug_macro   0x0000bbcc      0x16c .objs\main.o
 .debug_macro   0x0000bd38       0xfa .objs\main.o
 .debug_macro   0x0000be32      0x2bb .objs\main.o
 .debug_macro   0x0000c0ed       0x10 .objs\main.o
 .debug_macro   0x0000c0fd       0x1f .objs\main.o
 .debug_macro   0x0000c11c       0x8e .objs\main.o
 .debug_macro   0x0000c1aa      0x1da .objs\main.o
 .debug_macro   0x0000c384       0x16 .objs\main.o
 .debug_macro   0x0000c39a       0x10 .objs\main.o
 .debug_macro   0x0000c3aa       0x41 .objs\main.o
 .debug_macro   0x0000c3eb       0x3a .objs\main.o
 .debug_macro   0x0000c425      0x18e .objs\main.o
 .debug_macro   0x0000c5b3      0x126 .objs\main.o
 .debug_macro   0x0000c6d9       0x10 .objs\main.o
 .debug_macro   0x0000c6e9       0x7c .objs\main.o
 .debug_macro   0x0000c765       0xee .objs\main.o
 .debug_macro   0x0000c853       0x52 .objs\main.o

.debug_line     0x00000000     0x1083
 .debug_line    0x00000000     0x1083 .objs\main.o

.debug_str      0x00000000    0x580bc
 .debug_str     0x00000000    0x580bc .objs\main.o
                              0x583e9 (size before relaxing)

.debug_frame    0x00000000      0x1e0
 .debug_frame   0x00000000       0x20 .objs\main.o
 .debug_frame   0x00000020       0x28 c:/program files (x86)/emblocks/2.30/share/em_armgcc/bin/../lib/gcc/arm-none-eabi/4.7.3/../../../../arm-none-eabi/lib/armv7e-m/softfp\libc_n.a(lib_a-exit.o)
 .debug_frame   0x00000048      0x12c c:/program files (x86)/emblocks/2.30/share/em_armgcc/bin/../lib/gcc/arm-none-eabi/4.7.3/../../../../arm-none-eabi/lib/armv7e-m/softfp\libc_n.a(lib_a-findfp.o)
 .debug_frame   0x00000174       0x2c c:/program files (x86)/emblocks/2.30/share/em_armgcc/bin/../lib/gcc/arm-none-eabi/4.7.3/../../../../arm-none-eabi/lib/armv7e-m/softfp\libc_n.a(lib_a-init.o)
 .debug_frame   0x000001a0       0x20 c:/program files (x86)/emblocks/2.30/share/em_armgcc/bin/../lib/gcc/arm-none-eabi/4.7.3/../../../../arm-none-eabi/lib/armv7e-m/softfp\libc_n.a(lib_a-memset.o)
 .debug_frame   0x000001c0       0x20 c:/program files (x86)/emblocks/2.30/share/em_armgcc/bin/../lib/gcc/arm-none-eabi/4.7.3/../../../../arm-none-eabi/lib/armv7e-m/softfp\libnosys.a(_exit.o)
